// Jest Snapshot v1, https://goo.gl/fbAQLP

exports[`renders Categories categories without error 1`] = `
<div
  className="page categories"
>
  <div
    className="categoryList"
  />
</div>
`;

exports[`renders Categories categorieslist without error 1`] = `
Array [
  <div
    className="category"
    onClick={[Function]}
  >
    time
  </div>,
  <div
    className="category"
    onClick={[Function]}
  >
    hello
  </div>,
  <div
    className="category"
    onClick={[Function]}
  >
    react
  </div>,
  <div
    className="category"
    onClick={[Function]}
  >
    japan
  </div>,
]
`;
