// Jest Snapshot v1, https://goo.gl/fbAQLP

exports[`renders Login Form 1`] = `
<form
  className="loginForm"
>
  <label>
    Email
  </label>
  <input
    id="email"
    name="email"
    onChange={[Function]}
    type="email"
    value=""
  />
  <span
    className="passwordContainer"
  >
    <label>
      Password
    </label>
    <input
      onChange={[Function]}
      type="checkbox"
    />
  </span>
  <input
    id="password"
    name="password"
    onChange={[Function]}
    type="password"
    value=""
  />
  <button
    className="submit blue glow disabled"
    onClick={[Function]}
  >
    Submit
  </button>
</form>
`;
