// Jest Snapshot v1, https://goo.gl/fbAQLP

exports[`App matches snapshot 1`] = `
Object {
  "asFragment": [Function],
  "baseElement": <body>
    <div>
      <div
        id="ChuckNorrisApp"
      >
        <header>
          <nav>
            <a
              href="/"
            >
              Home
            </a>
            <a
              href="/jokes"
            >
              Jokes
            </a>
            <a
              href="/categories"
            >
              Categories
            </a>
            <a
              href="/search"
            >
              Search
            </a>
          </nav>
          <button
            class="loggedin green"
          >
            Logged Out
          </button>
          <img
            alt="Chuck norris cartoon"
            src="https://assets.chucknorris.host/img/avatar/chuck-norris.png"
          />
        </header>
        <div
          class="page home"
        >
          <h3>
            Visit our pages above:
          </h3>
          <h4>
            Home Page allows you to log in.
          </h4>
          <h4>
            Jokes Page allows you to see the jokes you have viewed.
          </h4>
          <h4>
            Categories Page allows you to view the categories of jokes
          </h4>
          <h4>
            Search Page allows you to search jokes by key word.
          </h4>
          <form
            class="loginForm"
          >
            <label
              for="email"
            >
              Email
            </label>
            <input
              data-testid="email-input"
              id="email"
              name="email"
              type="email"
              value=""
            />
            <span
              class="passwordContainer"
            >
              <label
                for="password"
              >
                Password
              </label>
              <input
                type="checkbox"
              />
            </span>
            <input
              data-testid="password-input"
              id="password"
              name="password"
              type="password"
              value=""
            />
            <button
              class="submit blue glow disabled"
              data-testid="submit-input"
            >
              Submit
            </button>
          </form>
        </div>
      </div>
    </div>
  </body>,
  "container": <div>
    <div
      id="ChuckNorrisApp"
    >
      <header>
        <nav>
          <a
            href="/"
          >
            Home
          </a>
          <a
            href="/jokes"
          >
            Jokes
          </a>
          <a
            href="/categories"
          >
            Categories
          </a>
          <a
            href="/search"
          >
            Search
          </a>
        </nav>
        <button
          class="loggedin green"
        >
          Logged Out
        </button>
        <img
          alt="Chuck norris cartoon"
          src="https://assets.chucknorris.host/img/avatar/chuck-norris.png"
        />
      </header>
      <div
        class="page home"
      >
        <h3>
          Visit our pages above:
        </h3>
        <h4>
          Home Page allows you to log in.
        </h4>
        <h4>
          Jokes Page allows you to see the jokes you have viewed.
        </h4>
        <h4>
          Categories Page allows you to view the categories of jokes
        </h4>
        <h4>
          Search Page allows you to search jokes by key word.
        </h4>
        <form
          class="loginForm"
        >
          <label
            for="email"
          >
            Email
          </label>
          <input
            data-testid="email-input"
            id="email"
            name="email"
            type="email"
            value=""
          />
          <span
            class="passwordContainer"
          >
            <label
              for="password"
            >
              Password
            </label>
            <input
              type="checkbox"
            />
          </span>
          <input
            data-testid="password-input"
            id="password"
            name="password"
            type="password"
            value=""
          />
          <button
            class="submit blue glow disabled"
            data-testid="submit-input"
          >
            Submit
          </button>
        </form>
      </div>
    </div>
  </div>,
  "debug": [Function],
  "findAllByAltText": [Function],
  "findAllByDisplayValue": [Function],
  "findAllByLabelText": [Function],
  "findAllByPlaceholderText": [Function],
  "findAllByRole": [Function],
  "findAllByTestId": [Function],
  "findAllByText": [Function],
  "findAllByTitle": [Function],
  "findByAltText": [Function],
  "findByDisplayValue": [Function],
  "findByLabelText": [Function],
  "findByPlaceholderText": [Function],
  "findByRole": [Function],
  "findByTestId": [Function],
  "findByText": [Function],
  "findByTitle": [Function],
  "getAllByAltText": [Function],
  "getAllByDisplayValue": [Function],
  "getAllByLabelText": [Function],
  "getAllByPlaceholderText": [Function],
  "getAllByRole": [Function],
  "getAllByTestId": [Function],
  "getAllByText": [Function],
  "getAllByTitle": [Function],
  "getByAltText": [Function],
  "getByDisplayValue": [Function],
  "getByLabelText": [Function],
  "getByPlaceholderText": [Function],
  "getByRole": [Function],
  "getByTestId": [Function],
  "getByText": [Function],
  "getByTitle": [Function],
  "queryAllByAltText": [Function],
  "queryAllByDisplayValue": [Function],
  "queryAllByLabelText": [Function],
  "queryAllByPlaceholderText": [Function],
  "queryAllByRole": [Function],
  "queryAllByTestId": [Function],
  "queryAllByText": [Function],
  "queryAllByTitle": [Function],
  "queryByAltText": [Function],
  "queryByDisplayValue": [Function],
  "queryByLabelText": [Function],
  "queryByPlaceholderText": [Function],
  "queryByRole": [Function],
  "queryByTestId": [Function],
  "queryByText": [Function],
  "queryByTitle": [Function],
  "rerender": [Function],
  "unmount": [Function],
}
`;
