// Jest Snapshot v1, https://goo.gl/fbAQLP

exports[` The Search Page...  Results renders correctly with jokes 1`] = `
Array [
  <div
    onClick={[Function]}
  >
    Chuck Norris had to stop washing his clothes in...
  </div>,
  <div
    onClick={[Function]}
  >
    'Tsunami' is japanese for 'Chuck Norris san'...
  </div>,
  <div
    onClick={[Function]}
  >
    When Chuck Norris takes a piss the world shiver...
  </div>,
  <div
    onClick={[Function]}
  >
    During the Japan Tsunami a UFO was spotted flyi...
  </div>,
  <div
    onClick={[Function]}
  >
    The real reason of the tsunami was because Chuc...
  </div>,
  <div
    onClick={[Function]}
  >
    When Chuck Norris shoots his cum-load this is r...
  </div>,
  <div
    onClick={[Function]}
  >
    The reason why Japan has too many disasters lik...
  </div>,
  <div
    onClick={[Function]}
  >
    When Chuck Norris dropped out of kindergarten, ...
  </div>,
  <div
    onClick={[Function]}
  >
    Little-known fact: Chuck Norris is the most fam...
  </div>,
  <div
    onClick={[Function]}
  >
    When Chuck Norris hears a Tsunami warning, he g...
  </div>,
]
`;

exports[` The Search Page...  Results renders correctly without jokes 1`] = `null`;

exports[` The Search Page...  renders correctly 1`] = `
<div
  className="page search"
  style={
    Object {
      "background": "linear-gradient(#dddcdc 10%, #b3b2b2)",
      "padding": "10vh 3vw",
    }
  }
>
  <label
    htmlFor="searchBar"
  >
    Search Bar
  </label>
  <input
    data-testid="search-input"
    id="searchBar"
    onChange={[Function]}
    placeholder="Search Chuck Norris Joke by Key Word"
    style={
      Object {
        "padding": "10px 15px",
      }
    }
    type="text"
    value=""
  />
  <button
    className="blue"
    data-testid="submit-input"
    onClick={[Function]}
  >
    Submit
  </button>
  <div
    className="results"
  >
    <h3>
      Results
    </h3>
  </div>
</div>
`;
